2026-05-25 18:00:37.459 +08:00 [INF] Request starting HTTP/1.1 POST http://localhost:5062/api/admin/logout - null 0
2026-05-25 18:00:37.463 +08:00 [INF] CORS policy execution successful.
2026-05-25 18:00:37.471 +08:00 [INF] Executed DbCommand (2ms) [Parameters=[@__p_0='?' (DbType = Int32)], CommandType='"Text"', CommandTimeout='30']
SELECT `u`.`id`, `u`.`AccessFailedCount`, `u`.`ConcurrencyStamp`, `u`.`email`, `u`.`EmailConfirmed`, `u`.`LockoutEnabled`, `u`.`LockoutEnd`, `u`.`NormalizedEmail`, `u`.`NormalizedUserName`, `u`.`password`, `u`.`phone_number`, `u`.`PhoneNumberConfirmed`, `u`.`SecurityStamp`, `u`.`TwoFactorEnabled`, `u`.`UserName`, `u`.`created_at`, `u`.`full_name`, `u`.`gender_id`, `u`.`genderid`, `u`.`role`, `u`.`status`, `u`.`updated_at`
FROM `Users` AS `u`
WHERE `u`.`id` = @__p_0
LIMIT 1
2026-05-25 18:00:37.477 +08:00 [INF] Executing endpoint 'MedicalSystem.Controllers.AdminController.Logout (backend)'
2026-05-25 18:00:37.483 +08:00 [INF] Route matched with {action = "Logout", controller = "Admin"}. Executing controller action with signature Microsoft.AspNetCore.Mvc.IActionResult Logout() on controller MedicalSystem.Controllers.AdminController (backend).
2026-05-25 18:00:37.485 +08:00 [INF] Executing OkObjectResult, writing value of type 'MedicalSystem.Models.ApiResponse`1[[System.String, System.Private.CoreLib, Version=9.0.0.0, Culture=neutral, PublicKeyToken=7cec85d7bea7798e]]'.
2026-05-25 18:00:37.487 +08:00 [INF] Executed action MedicalSystem.Controllers.AdminController.Logout (backend) in 2.2474ms
2026-05-25 18:00:37.489 +08:00 [INF] Executed endpoint 'MedicalSystem.Controllers.AdminController.Logout (backend)'
2026-05-25 18:00:37.491 +08:00 [INF] Request finished HTTP/1.1 POST http://localhost:5062/api/admin/logout - 200 null application/json; charset=utf-8 32.1278ms
2026-05-25 18:00:38.120 +08:00 [INF] Request starting HTTP/1.1 GET http://localhost:5062/api/admin/check-auth - null null
2026-05-25 18:00:38.197 +08:00 [INF] CORS policy execution successful.
2026-05-25 18:00:38.199 +08:00 [INF] Authorization failed. These requirements were not met:
DenyAnonymousAuthorizationRequirement: Requires an authenticated user.
2026-05-25 18:00:38.208 +08:00 [INF] AuthenticationScheme: Bearer was challenged.
2026-05-25 18:00:38.222 +08:00 [INF] Request finished HTTP/1.1 GET http://localhost:5062/api/admin/check-auth - 401 0 null 101.9656ms
2026-05-25 18:02:12.867 +08:00 [INF] Request starting HTTP/1.1 GET http://localhost:5062/api/admin/check-auth - null null
2026-05-25 18:02:12.870 +08:00 [INF] CORS policy execution successful.
2026-05-25 18:02:12.873 +08:00 [INF] Authorization failed. These requirements were not met:
DenyAnonymousAuthorizationRequirement: Requires an authenticated user.
2026-05-25 18:02:12.873 +08:00 [INF] AuthenticationScheme: Bearer was challenged.
2026-05-25 18:02:12.874 +08:00 [INF] Request finished HTTP/1.1 GET http://localhost:5062/api/admin/check-auth - 401 0 null 7.7188ms
2026-05-25 18:02:25.968 +08:00 [INF] Request starting HTTP/1.1 OPTIONS http://localhost:5062/api/admin/login - null null
2026-05-25 18:02:25.973 +08:00 [INF] CORS policy execution successful.
2026-05-25 18:02:25.974 +08:00 [INF] Request finished HTTP/1.1 OPTIONS http://localhost:5062/api/admin/login - 204 null null 6.2278ms
2026-05-25 18:02:25.977 +08:00 [INF] Request starting HTTP/1.1 POST http://localhost:5062/api/admin/login - application/json 55
2026-05-25 18:02:25.979 +08:00 [INF] CORS policy execution successful.
2026-05-25 18:02:25.980 +08:00 [INF] Executing endpoint 'MedicalSystem.Controllers.AdminController.Login (backend)'
2026-05-25 18:02:25.982 +08:00 [INF] Route matched with {action = "Login", controller = "Admin"}. Executing controller action with signature System.Threading.Tasks.Task`1[Microsoft.AspNetCore.Mvc.IActionResult] Login(MedicalSystem.Controllers.AdminLoginDto) on controller MedicalSystem.Controllers.AdminController (backend).
2026-05-25 18:02:25.987 +08:00 [INF] Executed DbCommand (0ms) [Parameters=[@__normalizedEmail_0='?' (Size = 256)], CommandType='"Text"', CommandTimeout='30']
SELECT `u`.`id`, `u`.`AccessFailedCount`, `u`.`ConcurrencyStamp`, `u`.`email`, `u`.`EmailConfirmed`, `u`.`LockoutEnabled`, `u`.`LockoutEnd`, `u`.`NormalizedEmail`, `u`.`NormalizedUserName`, `u`.`password`, `u`.`phone_number`, `u`.`PhoneNumberConfirmed`, `u`.`SecurityStamp`, `u`.`TwoFactorEnabled`, `u`.`UserName`, `u`.`created_at`, `u`.`full_name`, `u`.`gender_id`, `u`.`genderid`, `u`.`role`, `u`.`status`, `u`.`updated_at`
FROM `Users` AS `u`
WHERE `u`.`NormalizedEmail` = @__normalizedEmail_0
LIMIT 2
2026-05-25 18:02:26.192 +08:00 [INF] Executed DbCommand (0ms) [Parameters=[@p0='?' (Size = 4000), @p1='?' (DbType = DateTime), @p2='?' (Size = 4000), @p3='?' (Size = 4000), @p4='?' (Size = 4000), @p5='?' (DbType = Int32)], CommandType='"Text"', CommandTimeout='30']
INSERT INTO `ActivityLogs` (`action`, `created_at`, `description`, `full_name`, `role`, `user_id`)
VALUES (@p0, @p1, @p2, @p3, @p4, @p5);
SELECT `id`
FROM `ActivityLogs`
WHERE ROW_COUNT() = 1 AND `id` = LAST_INSERT_ID();
2026-05-25 18:02:26.194 +08:00 [INF] Executing OkObjectResult, writing value of type 'MedicalSystem.Models.ApiResponse`1[[System.Object, System.Private.CoreLib, Version=9.0.0.0, Culture=neutral, PublicKeyToken=7cec85d7bea7798e]]'.
2026-05-25 18:02:26.195 +08:00 [INF] Executed action MedicalSystem.Controllers.AdminController.Login (backend) in 212.2138ms
2026-05-25 18:02:26.196 +08:00 [INF] Executed endpoint 'MedicalSystem.Controllers.AdminController.Login (backend)'
2026-05-25 18:02:26.197 +08:00 [INF] Request finished HTTP/1.1 POST http://localhost:5062/api/admin/login - 200 null application/json; charset=utf-8 219.9348ms
2026-05-25 18:02:28.976 +08:00 [INF] Request starting HTTP/1.1 GET http://localhost:5062/api/admin/check-auth - null null
2026-05-25 18:02:28.991 +08:00 [INF] CORS policy execution successful.
2026-05-25 18:02:29.048 +08:00 [INF] Executed DbCommand (2ms) [Parameters=[@__p_0='?' (DbType = Int32)], CommandType='"Text"', CommandTimeout='30']
SELECT `u`.`id`, `u`.`AccessFailedCount`, `u`.`ConcurrencyStamp`, `u`.`email`, `u`.`EmailConfirmed`, `u`.`LockoutEnabled`, `u`.`LockoutEnd`, `u`.`NormalizedEmail`, `u`.`NormalizedUserName`, `u`.`password`, `u`.`phone_number`, `u`.`PhoneNumberConfirmed`, `u`.`SecurityStamp`, `u`.`TwoFactorEnabled`, `u`.`UserName`, `u`.`created_at`, `u`.`full_name`, `u`.`gender_id`, `u`.`genderid`, `u`.`role`, `u`.`status`, `u`.`updated_at`
FROM `Users` AS `u`
WHERE `u`.`id` = @__p_0
LIMIT 1
2026-05-25 18:02:29.051 +08:00 [INF] Executing endpoint 'MedicalSystem.Controllers.AdminController.CheckAuth (backend)'
2026-05-25 18:02:29.053 +08:00 [INF] Route matched with {action = "CheckAuth", controller = "Admin"}. Executing controller action with signature System.Threading.Tasks.Task`1[Microsoft.AspNetCore.Mvc.IActionResult] CheckAuth() on controller MedicalSystem.Controllers.AdminController (backend).
2026-05-25 18:02:29.055 +08:00 [INF] Executing OkObjectResult, writing value of type 'MedicalSystem.Models.ApiResponse`1[[System.Object, System.Private.CoreLib, Version=9.0.0.0, Culture=neutral, PublicKeyToken=7cec85d7bea7798e]]'.
2026-05-25 18:02:29.056 +08:00 [INF] Executed action MedicalSystem.Controllers.AdminController.CheckAuth (backend) in 1.5005ms
2026-05-25 18:02:29.057 +08:00 [INF] Request starting HTTP/1.1 GET http://localhost:5062/api/admin/check-auth - null null
2026-05-25 18:02:29.058 +08:00 [INF] Executed endpoint 'MedicalSystem.Controllers.AdminController.CheckAuth (backend)'
2026-05-25 18:02:29.060 +08:00 [INF] CORS policy execution successful.
2026-05-25 18:02:29.060 +08:00 [INF] Request finished HTTP/1.1 GET http://localhost:5062/api/admin/check-auth - 200 null application/json; charset=utf-8 84.3258ms
2026-05-25 18:02:29.070 +08:00 [INF] Executed DbCommand (4ms) [Parameters=[@__p_0='?' (DbType = Int32)], CommandType='"Text"', CommandTimeout='30']
SELECT `u`.`id`, `u`.`AccessFailedCount`, `u`.`ConcurrencyStamp`, `u`.`email`, `u`.`EmailConfirmed`, `u`.`LockoutEnabled`, `u`.`LockoutEnd`, `u`.`NormalizedEmail`, `u`.`NormalizedUserName`, `u`.`password`, `u`.`phone_number`, `u`.`PhoneNumberConfirmed`, `u`.`SecurityStamp`, `u`.`TwoFactorEnabled`, `u`.`UserName`, `u`.`created_at`, `u`.`full_name`, `u`.`gender_id`, `u`.`genderid`, `u`.`role`, `u`.`status`, `u`.`updated_at`
FROM `Users` AS `u`
WHERE `u`.`id` = @__p_0
LIMIT 1
2026-05-25 18:02:29.095 +08:00 [INF] Executing endpoint 'MedicalSystem.Controllers.AdminController.CheckAuth (backend)'
2026-05-25 18:02:29.112 +08:00 [INF] Route matched with {action = "CheckAuth", controller = "Admin"}. Executing controller action with signature System.Threading.Tasks.Task`1[Microsoft.AspNetCore.Mvc.IActionResult] CheckAuth() on controller MedicalSystem.Controllers.AdminController (backend).
2026-05-25 18:02:29.119 +08:00 [INF] Executing OkObjectResult, writing value of type 'MedicalSystem.Models.ApiResponse`1[[System.Object, System.Private.CoreLib, Version=9.0.0.0, Culture=neutral, PublicKeyToken=7cec85d7bea7798e]]'.
2026-05-25 18:02:29.120 +08:00 [INF] Executed action MedicalSystem.Controllers.AdminController.CheckAuth (backend) in 3.9816ms
2026-05-25 18:02:29.148 +08:00 [INF] Executed endpoint 'MedicalSystem.Controllers.AdminController.CheckAuth (backend)'
2026-05-25 18:02:29.149 +08:00 [INF] Request finished HTTP/1.1 GET http://localhost:5062/api/admin/check-auth - 200 null application/json; charset=utf-8 92.1272ms
2026-05-25 18:05:56.818 +08:00 [INF] Request starting HTTP/1.1 POST http://localhost:5062/api/admin/logout - null 0
2026-05-25 18:05:56.822 +08:00 [INF] CORS policy execution successful.
2026-05-25 18:05:56.829 +08:00 [INF] Executed DbCommand (1ms) [Parameters=[@__p_0='?' (DbType = Int32)], CommandType='"Text"', CommandTimeout='30']
SELECT `u`.`id`, `u`.`AccessFailedCount`, `u`.`ConcurrencyStamp`, `u`.`email`, `u`.`EmailConfirmed`, `u`.`LockoutEnabled`, `u`.`LockoutEnd`, `u`.`NormalizedEmail`, `u`.`NormalizedUserName`, `u`.`password`, `u`.`phone_number`, `u`.`PhoneNumberConfirmed`, `u`.`SecurityStamp`, `u`.`TwoFactorEnabled`, `u`.`UserName`, `u`.`created_at`, `u`.`full_name`, `u`.`gender_id`, `u`.`genderid`, `u`.`role`, `u`.`status`, `u`.`updated_at`
FROM `Users` AS `u`
WHERE `u`.`id` = @__p_0
LIMIT 1
2026-05-25 18:05:56.832 +08:00 [INF] Executing endpoint 'MedicalSystem.Controllers.AdminController.Logout (backend)'
2026-05-25 18:05:56.842 +08:00 [INF] Route matched with {action = "Logout", controller = "Admin"}. Executing controller action with signature Microsoft.AspNetCore.Mvc.IActionResult Logout() on controller MedicalSystem.Controllers.AdminController (backend).
2026-05-25 18:05:56.844 +08:00 [INF] Executing OkObjectResult, writing value of type 'MedicalSystem.Models.ApiResponse`1[[System.String, System.Private.CoreLib, Version=9.0.0.0, Culture=neutral, PublicKeyToken=7cec85d7bea7798e]]'.
2026-05-25 18:05:56.846 +08:00 [INF] Executed action MedicalSystem.Controllers.AdminController.Logout (backend) in 2.7317ms
2026-05-25 18:05:56.855 +08:00 [INF] Executed endpoint 'MedicalSystem.Controllers.AdminController.Logout (backend)'
2026-05-25 18:05:56.860 +08:00 [INF] Request finished HTTP/1.1 POST http://localhost:5062/api/admin/logout - 200 null application/json; charset=utf-8 42.0245ms
2026-05-25 18:05:57.592 +08:00 [INF] Request starting HTTP/1.1 GET http://localhost:5062/api/admin/check-auth - null null
2026-05-25 18:05:57.596 +08:00 [INF] CORS policy execution successful.
2026-05-25 18:05:57.598 +08:00 [INF] Authorization failed. These requirements were not met:
DenyAnonymousAuthorizationRequirement: Requires an authenticated user.
2026-05-25 18:05:57.599 +08:00 [INF] AuthenticationScheme: Bearer was challenged.
2026-05-25 18:05:57.600 +08:00 [INF] Request finished HTTP/1.1 GET http://localhost:5062/api/admin/check-auth - 401 0 null 7.8792ms
2026-05-25 18:06:05.026 +08:00 [INF] Request starting HTTP/1.1 GET http://localhost:5062/api/admin/check-auth - null null
2026-05-25 18:06:05.050 +08:00 [INF] CORS policy execution successful.
2026-05-25 18:06:05.057 +08:00 [INF] Authorization failed. These requirements were not met:
DenyAnonymousAuthorizationRequirement: Requires an authenticated user.
2026-05-25 18:06:05.059 +08:00 [INF] AuthenticationScheme: Bearer was challenged.
2026-05-25 18:06:05.059 +08:00 [INF] Request finished HTTP/1.1 GET http://localhost:5062/api/admin/check-auth - 401 0 null 34.0899ms
2026-05-25 18:06:20.538 +08:00 [INF] Request starting HTTP/1.1 OPTIONS http://localhost:5062/api/admin/login - null null
2026-05-25 18:06:20.542 +08:00 [INF] CORS policy execution successful.
2026-05-25 18:06:20.543 +08:00 [INF] Request finished HTTP/1.1 OPTIONS http://localhost:5062/api/admin/login - 204 null null 4.0952ms
2026-05-25 18:06:20.544 +08:00 [INF] Request starting HTTP/1.1 POST http://localhost:5062/api/admin/login - application/json 55
2026-05-25 18:06:20.548 +08:00 [INF] CORS policy execution successful.
2026-05-25 18:06:20.549 +08:00 [INF] Executing endpoint 'MedicalSystem.Controllers.AdminController.Login (backend)'
2026-05-25 18:06:20.551 +08:00 [INF] Route matched with {action = "Login", controller = "Admin"}. Executing controller action with signature System.Threading.Tasks.Task`1[Microsoft.AspNetCore.Mvc.IActionResult] Login(MedicalSystem.Controllers.AdminLoginDto) on controller MedicalSystem.Controllers.AdminController (backend).
2026-05-25 18:06:20.559 +08:00 [INF] Executed DbCommand (1ms) [Parameters=[@__normalizedEmail_0='?' (Size = 256)], CommandType='"Text"', CommandTimeout='30']
SELECT `u`.`id`, `u`.`AccessFailedCount`, `u`.`ConcurrencyStamp`, `u`.`email`, `u`.`EmailConfirmed`, `u`.`LockoutEnabled`, `u`.`LockoutEnd`, `u`.`NormalizedEmail`, `u`.`NormalizedUserName`, `u`.`password`, `u`.`phone_number`, `u`.`PhoneNumberConfirmed`, `u`.`SecurityStamp`, `u`.`TwoFactorEnabled`, `u`.`UserName`, `u`.`created_at`, `u`.`full_name`, `u`.`gender_id`, `u`.`genderid`, `u`.`role`, `u`.`status`, `u`.`updated_at`
FROM `Users` AS `u`
WHERE `u`.`NormalizedEmail` = @__normalizedEmail_0
LIMIT 2
2026-05-25 18:06:20.638 +08:00 [INF] Executed DbCommand (1ms) [Parameters=[@p0='?' (Size = 4000), @p1='?' (DbType = DateTime), @p2='?' (Size = 4000), @p3='?' (Size = 4000), @p4='?' (Size = 4000), @p5='?' (DbType = Int32)], CommandType='"Text"', CommandTimeout='30']
INSERT INTO `ActivityLogs` (`action`, `created_at`, `description`, `full_name`, `role`, `user_id`)
VALUES (@p0, @p1, @p2, @p3, @p4, @p5);
SELECT `id`
FROM `ActivityLogs`
WHERE ROW_COUNT() = 1 AND `id` = LAST_INSERT_ID();
2026-05-25 18:06:20.642 +08:00 [INF] Executing OkObjectResult, writing value of type 'MedicalSystem.Models.ApiResponse`1[[System.Object, System.Private.CoreLib, Version=9.0.0.0, Culture=neutral, PublicKeyToken=7cec85d7bea7798e]]'.
2026-05-25 18:06:20.642 +08:00 [INF] Executed action MedicalSystem.Controllers.AdminController.Login (backend) in 87.8357ms
2026-05-25 18:06:20.643 +08:00 [INF] Executed endpoint 'MedicalSystem.Controllers.AdminController.Login (backend)'
2026-05-25 18:06:20.644 +08:00 [INF] Request finished HTTP/1.1 POST http://localhost:5062/api/admin/login - 200 null application/json; charset=utf-8 99.5468ms
2026-05-25 18:06:23.513 +08:00 [INF] Request starting HTTP/1.1 GET http://localhost:5062/api/admin/check-auth - null null
2026-05-25 18:06:23.518 +08:00 [INF] CORS policy execution successful.
2026-05-25 18:06:23.529 +08:00 [INF] Executed DbCommand (0ms) [Parameters=[@__p_0='?' (DbType = Int32)], CommandType='"Text"', CommandTimeout='30']
SELECT `u`.`id`, `u`.`AccessFailedCount`, `u`.`ConcurrencyStamp`, `u`.`email`, `u`.`EmailConfirmed`, `u`.`LockoutEnabled`, `u`.`LockoutEnd`, `u`.`NormalizedEmail`, `u`.`NormalizedUserName`, `u`.`password`, `u`.`phone_number`, `u`.`PhoneNumberConfirmed`, `u`.`SecurityStamp`, `u`.`TwoFactorEnabled`, `u`.`UserName`, `u`.`created_at`, `u`.`full_name`, `u`.`gender_id`, `u`.`genderid`, `u`.`role`, `u`.`status`, `u`.`updated_at`
FROM `Users` AS `u`
WHERE `u`.`id` = @__p_0
LIMIT 1
2026-05-25 18:06:23.541 +08:00 [INF] Executing endpoint 'MedicalSystem.Controllers.AdminController.CheckAuth (backend)'
2026-05-25 18:06:23.544 +08:00 [INF] Route matched with {action = "CheckAuth", controller = "Admin"}. Executing controller action with signature System.Threading.Tasks.Task`1[Microsoft.AspNetCore.Mvc.IActionResult] CheckAuth() on controller MedicalSystem.Controllers.AdminController (backend).
2026-05-25 18:06:23.565 +08:00 [INF] Executing OkObjectResult, writing value of type 'MedicalSystem.Models.ApiResponse`1[[System.Object, System.Private.CoreLib, Version=9.0.0.0, Culture=neutral, PublicKeyToken=7cec85d7bea7798e]]'.
2026-05-25 18:06:23.578 +08:00 [INF] Executed action MedicalSystem.Controllers.AdminController.CheckAuth (backend) in 22.1548ms
2026-05-25 18:06:23.579 +08:00 [INF] Request starting HTTP/1.1 GET http://localhost:5062/api/admin/check-auth - null null
2026-05-25 18:06:23.591 +08:00 [INF] Executed endpoint 'MedicalSystem.Controllers.AdminController.CheckAuth (backend)'
2026-05-25 18:06:23.593 +08:00 [INF] CORS policy execution successful.
2026-05-25 18:06:23.597 +08:00 [INF] Request finished HTTP/1.1 GET http://localhost:5062/api/admin/check-auth - 200 null application/json; charset=utf-8 84.2326ms
2026-05-25 18:06:23.614 +08:00 [INF] Executed DbCommand (0ms) [Parameters=[@__p_0='?' (DbType = Int32)], CommandType='"Text"', CommandTimeout='30']
SELECT `u`.`id`, `u`.`AccessFailedCount`, `u`.`ConcurrencyStamp`, `u`.`email`, `u`.`EmailConfirmed`, `u`.`LockoutEnabled`, `u`.`LockoutEnd`, `u`.`NormalizedEmail`, `u`.`NormalizedUserName`, `u`.`password`, `u`.`phone_number`, `u`.`PhoneNumberConfirmed`, `u`.`SecurityStamp`, `u`.`TwoFactorEnabled`, `u`.`UserName`, `u`.`created_at`, `u`.`full_name`, `u`.`gender_id`, `u`.`genderid`, `u`.`role`, `u`.`status`, `u`.`updated_at`
FROM `Users` AS `u`
WHERE `u`.`id` = @__p_0
LIMIT 1
2026-05-25 18:06:23.646 +08:00 [INF] Executing endpoint 'MedicalSystem.Controllers.AdminController.CheckAuth (backend)'
2026-05-25 18:06:23.647 +08:00 [INF] Route matched with {action = "CheckAuth", controller = "Admin"}. Executing controller action with signature System.Threading.Tasks.Task`1[Microsoft.AspNetCore.Mvc.IActionResult] CheckAuth() on controller MedicalSystem.Controllers.AdminController (backend).
2026-05-25 18:06:23.648 +08:00 [INF] Executing OkObjectResult, writing value of type 'MedicalSystem.Models.ApiResponse`1[[System.Object, System.Private.CoreLib, Version=9.0.0.0, Culture=neutral, PublicKeyToken=7cec85d7bea7798e]]'.
2026-05-25 18:06:23.654 +08:00 [INF] Executed action MedicalSystem.Controllers.AdminController.CheckAuth (backend) in 5.903ms
2026-05-25 18:06:23.662 +08:00 [INF] Executed endpoint 'MedicalSystem.Controllers.AdminController.CheckAuth (backend)'
2026-05-25 18:06:23.750 +08:00 [INF] Request finished HTTP/1.1 GET http://localhost:5062/api/admin/check-auth - 200 null application/json; charset=utf-8 170.3273ms
2026-05-25 18:06:26.344 +08:00 [INF] Request starting HTTP/1.1 POST http://localhost:5062/api/admin/logout - null 0
2026-05-25 18:06:26.352 +08:00 [INF] CORS policy execution successful.
2026-05-25 18:06:26.359 +08:00 [INF] Executed DbCommand (0ms) [Parameters=[@__p_0='?' (DbType = Int32)], CommandType='"Text"', CommandTimeout='30']
SELECT `u`.`id`, `u`.`AccessFailedCount`, `u`.`ConcurrencyStamp`, `u`.`email`, `u`.`EmailConfirmed`, `u`.`LockoutEnabled`, `u`.`LockoutEnd`, `u`.`NormalizedEmail`, `u`.`NormalizedUserName`, `u`.`password`, `u`.`phone_number`, `u`.`PhoneNumberConfirmed`, `u`.`SecurityStamp`, `u`.`TwoFactorEnabled`, `u`.`UserName`, `u`.`created_at`, `u`.`full_name`, `u`.`gender_id`, `u`.`genderid`, `u`.`role`, `u`.`status`, `u`.`updated_at`
FROM `Users` AS `u`
WHERE `u`.`id` = @__p_0
LIMIT 1
2026-05-25 18:06:26.361 +08:00 [INF] Executing endpoint 'MedicalSystem.Controllers.AdminController.Logout (backend)'
2026-05-25 18:06:26.361 +08:00 [INF] Route matched with {action = "Logout", controller = "Admin"}. Executing controller action with signature Microsoft.AspNetCore.Mvc.IActionResult Logout() on controller MedicalSystem.Controllers.AdminController (backend).
2026-05-25 18:06:26.363 +08:00 [INF] Executing OkObjectResult, writing value of type 'MedicalSystem.Models.ApiResponse`1[[System.String, System.Private.CoreLib, Version=9.0.0.0, Culture=neutral, PublicKeyToken=7cec85d7bea7798e]]'.
2026-05-25 18:06:26.364 +08:00 [INF] Executed action MedicalSystem.Controllers.AdminController.Logout (backend) in 1.1903ms
2026-05-25 18:06:26.365 +08:00 [INF] Executed endpoint 'MedicalSystem.Controllers.AdminController.Logout (backend)'
2026-05-25 18:06:26.367 +08:00 [INF] Request finished HTTP/1.1 POST http://localhost:5062/api/admin/logout - 200 null application/json; charset=utf-8 23.3762ms
2026-05-25 18:06:27.093 +08:00 [INF] Request starting HTTP/1.1 GET http://localhost:5062/api/admin/check-auth - null null
2026-05-25 18:06:27.095 +08:00 [INF] CORS policy execution successful.
2026-05-25 18:06:27.096 +08:00 [INF] Authorization failed. These requirements were not met:
DenyAnonymousAuthorizationRequirement: Requires an authenticated user.
2026-05-25 18:06:27.096 +08:00 [INF] AuthenticationScheme: Bearer was challenged.
2026-05-25 18:06:27.097 +08:00 [INF] Request finished HTTP/1.1 GET http://localhost:5062/api/admin/check-auth - 401 0 null 3.9853ms
2026-05-25 18:06:35.889 +08:00 [INF] Request starting HTTP/1.1 OPTIONS http://localhost:5062/api/admin/login - null null
2026-05-25 18:06:35.895 +08:00 [INF] CORS policy execution successful.
2026-05-25 18:06:35.897 +08:00 [INF] Request finished HTTP/1.1 OPTIONS http://localhost:5062/api/admin/login - 204 null null 8.5154ms
2026-05-25 18:06:35.906 +08:00 [INF] Request starting HTTP/1.1 POST http://localhost:5062/api/admin/login - application/json 55
2026-05-25 18:06:35.916 +08:00 [INF] CORS policy execution successful.
2026-05-25 18:06:35.917 +08:00 [INF] Executing endpoint 'MedicalSystem.Controllers.AdminController.Login (backend)'
2026-05-25 18:06:35.921 +08:00 [INF] Route matched with {action = "Login", controller = "Admin"}. Executing controller action with signature System.Threading.Tasks.Task`1[Microsoft.AspNetCore.Mvc.IActionResult] Login(MedicalSystem.Controllers.AdminLoginDto) on controller MedicalSystem.Controllers.AdminController (backend).
2026-05-25 18:06:35.933 +08:00 [INF] Executed DbCommand (1ms) [Parameters=[@__normalizedEmail_0='?' (Size = 256)], CommandType='"Text"', CommandTimeout='30']
SELECT `u`.`id`, `u`.`AccessFailedCount`, `u`.`ConcurrencyStamp`, `u`.`email`, `u`.`EmailConfirmed`, `u`.`LockoutEnabled`, `u`.`LockoutEnd`, `u`.`NormalizedEmail`, `u`.`NormalizedUserName`, `u`.`password`, `u`.`phone_number`, `u`.`PhoneNumberConfirmed`, `u`.`SecurityStamp`, `u`.`TwoFactorEnabled`, `u`.`UserName`, `u`.`created_at`, `u`.`full_name`, `u`.`gender_id`, `u`.`genderid`, `u`.`role`, `u`.`status`, `u`.`updated_at`
FROM `Users` AS `u`
WHERE `u`.`NormalizedEmail` = @__normalizedEmail_0
LIMIT 2
2026-05-25 18:06:36.026 +08:00 [INF] Executed DbCommand (3ms) [Parameters=[@p0='?' (Size = 4000), @p1='?' (DbType = DateTime), @p2='?' (Size = 4000), @p3='?' (Size = 4000), @p4='?' (Size = 4000), @p5='?' (DbType = Int32)], CommandType='"Text"', CommandTimeout='30']
INSERT INTO `ActivityLogs` (`action`, `created_at`, `description`, `full_name`, `role`, `user_id`)
VALUES (@p0, @p1, @p2, @p3, @p4, @p5);
SELECT `id`
FROM `ActivityLogs`
WHERE ROW_COUNT() = 1 AND `id` = LAST_INSERT_ID();
2026-05-25 18:06:36.028 +08:00 [INF] Executing OkObjectResult, writing value of type 'MedicalSystem.Models.ApiResponse`1[[System.Object, System.Private.CoreLib, Version=9.0.0.0, Culture=neutral, PublicKeyToken=7cec85d7bea7798e]]'.
2026-05-25 18:06:36.029 +08:00 [INF] Executed action MedicalSystem.Controllers.AdminController.Login (backend) in 104.5668ms
2026-05-25 18:06:36.031 +08:00 [INF] Executed endpoint 'MedicalSystem.Controllers.AdminController.Login (backend)'
2026-05-25 18:06:36.032 +08:00 [INF] Request finished HTTP/1.1 POST http://localhost:5062/api/admin/login - 200 null application/json; charset=utf-8 125.9332ms
2026-05-25 18:06:39.185 +08:00 [INF] Request starting HTTP/1.1 GET http://localhost:5062/api/admin/check-auth - null null
2026-05-25 18:06:39.189 +08:00 [INF] CORS policy execution successful.
2026-05-25 18:06:39.197 +08:00 [INF] Executed DbCommand (0ms) [Parameters=[@__p_0='?' (DbType = Int32)], CommandType='"Text"', CommandTimeout='30']
SELECT `u`.`id`, `u`.`AccessFailedCount`, `u`.`ConcurrencyStamp`, `u`.`email`, `u`.`EmailConfirmed`, `u`.`LockoutEnabled`, `u`.`LockoutEnd`, `u`.`NormalizedEmail`, `u`.`NormalizedUserName`, `u`.`password`, `u`.`phone_number`, `u`.`PhoneNumberConfirmed`, `u`.`SecurityStamp`, `u`.`TwoFactorEnabled`, `u`.`UserName`, `u`.`created_at`, `u`.`full_name`, `u`.`gender_id`, `u`.`genderid`, `u`.`role`, `u`.`status`, `u`.`updated_at`
FROM `Users` AS `u`
WHERE `u`.`id` = @__p_0
LIMIT 1
2026-05-25 18:06:39.199 +08:00 [INF] Executing endpoint 'MedicalSystem.Controllers.AdminController.CheckAuth (backend)'
2026-05-25 18:06:39.200 +08:00 [INF] Route matched with {action = "CheckAuth", controller = "Admin"}. Executing controller action with signature System.Threading.Tasks.Task`1[Microsoft.AspNetCore.Mvc.IActionResult] CheckAuth() on controller MedicalSystem.Controllers.AdminController (backend).
2026-05-25 18:06:39.201 +08:00 [INF] Executing OkObjectResult, writing value of type 'MedicalSystem.Models.ApiResponse`1[[System.Object, System.Private.CoreLib, Version=9.0.0.0, Culture=neutral, PublicKeyToken=7cec85d7bea7798e]]'.
2026-05-25 18:06:39.203 +08:00 [INF] Executed action MedicalSystem.Controllers.AdminController.CheckAuth (backend) in 1.6335ms
2026-05-25 18:06:39.204 +08:00 [INF] Request starting HTTP/1.1 GET http://localhost:5062/api/admin/check-auth - null null
2026-05-25 18:06:39.205 +08:00 [INF] Executed endpoint 'MedicalSystem.Controllers.AdminController.CheckAuth (backend)'
2026-05-25 18:06:39.207 +08:00 [INF] CORS policy execution successful.
2026-05-25 18:06:39.208 +08:00 [INF] Request finished HTTP/1.1 GET http://localhost:5062/api/admin/check-auth - 200 null application/json; charset=utf-8 22.5753ms
2026-05-25 18:06:39.213 +08:00 [INF] Executed DbCommand (0ms) [Parameters=[@__p_0='?' (DbType = Int32)], CommandType='"Text"', CommandTimeout='30']
SELECT `u`.`id`, `u`.`AccessFailedCount`, `u`.`ConcurrencyStamp`, `u`.`email`, `u`.`EmailConfirmed`, `u`.`LockoutEnabled`, `u`.`LockoutEnd`, `u`.`NormalizedEmail`, `u`.`NormalizedUserName`, `u`.`password`, `u`.`phone_number`, `u`.`PhoneNumberConfirmed`, `u`.`SecurityStamp`, `u`.`TwoFactorEnabled`, `u`.`UserName`, `u`.`created_at`, `u`.`full_name`, `u`.`gender_id`, `u`.`genderid`, `u`.`role`, `u`.`status`, `u`.`updated_at`
FROM `Users` AS `u`
WHERE `u`.`id` = @__p_0
LIMIT 1
2026-05-25 18:06:39.215 +08:00 [INF] Executing endpoint 'MedicalSystem.Controllers.AdminController.CheckAuth (backend)'
2026-05-25 18:06:39.216 +08:00 [INF] Route matched with {action = "CheckAuth", controller = "Admin"}. Executing controller action with signature System.Threading.Tasks.Task`1[Microsoft.AspNetCore.Mvc.IActionResult] CheckAuth() on controller MedicalSystem.Controllers.AdminController (backend).
2026-05-25 18:06:39.217 +08:00 [INF] Executing OkObjectResult, writing value of type 'MedicalSystem.Models.ApiResponse`1[[System.Object, System.Private.CoreLib, Version=9.0.0.0, Culture=neutral, PublicKeyToken=7cec85d7bea7798e]]'.
2026-05-25 18:06:39.218 +08:00 [INF] Executed action MedicalSystem.Controllers.AdminController.CheckAuth (backend) in 1.0965ms
2026-05-25 18:06:39.219 +08:00 [INF] Executed endpoint 'MedicalSystem.Controllers.AdminController.CheckAuth (backend)'
2026-05-25 18:06:39.222 +08:00 [INF] Request finished HTTP/1.1 GET http://localhost:5062/api/admin/check-auth - 200 null application/json; charset=utf-8 17.9221ms
2026-05-25 18:08:44.615 +08:00 [INF] Request starting HTTP/1.1 GET http://localhost:5062/api/admin/check-auth - null null
2026-05-25 18:08:44.617 +08:00 [INF] CORS policy execution successful.
2026-05-25 18:08:44.621 +08:00 [INF] Executed DbCommand (0ms) [Parameters=[@__p_0='?' (DbType = Int32)], CommandType='"Text"', CommandTimeout='30']
SELECT `u`.`id`, `u`.`AccessFailedCount`, `u`.`ConcurrencyStamp`, `u`.`email`, `u`.`EmailConfirmed`, `u`.`LockoutEnabled`, `u`.`LockoutEnd`, `u`.`NormalizedEmail`, `u`.`NormalizedUserName`, `u`.`password`, `u`.`phone_number`, `u`.`PhoneNumberConfirmed`, `u`.`SecurityStamp`, `u`.`TwoFactorEnabled`, `u`.`UserName`, `u`.`created_at`, `u`.`full_name`, `u`.`gender_id`, `u`.`genderid`, `u`.`role`, `u`.`status`, `u`.`updated_at`
FROM `Users` AS `u`
WHERE `u`.`id` = @__p_0
LIMIT 1
2026-05-25 18:08:44.623 +08:00 [INF] Executing endpoint 'MedicalSystem.Controllers.AdminController.CheckAuth (backend)'
2026-05-25 18:08:44.624 +08:00 [INF] Route matched with {action = "CheckAuth", controller = "Admin"}. Executing controller action with signature System.Threading.Tasks.Task`1[Microsoft.AspNetCore.Mvc.IActionResult] CheckAuth() on controller MedicalSystem.Controllers.AdminController (backend).
2026-05-25 18:08:44.626 +08:00 [INF] Executing OkObjectResult, writing value of type 'MedicalSystem.Models.ApiResponse`1[[System.Object, System.Private.CoreLib, Version=9.0.0.0, Culture=neutral, PublicKeyToken=7cec85d7bea7798e]]'.
2026-05-25 18:08:44.628 +08:00 [INF] Executed action MedicalSystem.Controllers.AdminController.CheckAuth (backend) in 1.612ms
2026-05-25 18:08:44.630 +08:00 [INF] Executed endpoint 'MedicalSystem.Controllers.AdminController.CheckAuth (backend)'
2026-05-25 18:08:44.631 +08:00 [INF] Request finished HTTP/1.1 GET http://localhost:5062/api/admin/check-auth - 200 null application/json; charset=utf-8 16.3427ms
2026-05-25 18:08:46.883 +08:00 [INF] Request starting HTTP/1.1 GET http://localhost:5062/api/admin/check-auth - null null
2026-05-25 18:08:46.885 +08:00 [INF] CORS policy execution successful.
2026-05-25 18:08:46.889 +08:00 [INF] Executed DbCommand (1ms) [Parameters=[@__p_0='?' (DbType = Int32)], CommandType='"Text"', CommandTimeout='30']
SELECT `u`.`id`, `u`.`AccessFailedCount`, `u`.`ConcurrencyStamp`, `u`.`email`, `u`.`EmailConfirmed`, `u`.`LockoutEnabled`, `u`.`LockoutEnd`, `u`.`NormalizedEmail`, `u`.`NormalizedUserName`, `u`.`password`, `u`.`phone_number`, `u`.`PhoneNumberConfirmed`, `u`.`SecurityStamp`, `u`.`TwoFactorEnabled`, `u`.`UserName`, `u`.`created_at`, `u`.`full_name`, `u`.`gender_id`, `u`.`genderid`, `u`.`role`, `u`.`status`, `u`.`updated_at`
FROM `Users` AS `u`
WHERE `u`.`id` = @__p_0
LIMIT 1
2026-05-25 18:08:46.891 +08:00 [INF] Executing endpoint 'MedicalSystem.Controllers.AdminController.CheckAuth (backend)'
2026-05-25 18:08:46.892 +08:00 [INF] Route matched with {action = "CheckAuth", controller = "Admin"}. Executing controller action with signature System.Threading.Tasks.Task`1[Microsoft.AspNetCore.Mvc.IActionResult] CheckAuth() on controller MedicalSystem.Controllers.AdminController (backend).
2026-05-25 18:08:46.893 +08:00 [INF] Executing OkObjectResult, writing value of type 'MedicalSystem.Models.ApiResponse`1[[System.Object, System.Private.CoreLib, Version=9.0.0.0, Culture=neutral, PublicKeyToken=7cec85d7bea7798e]]'.
2026-05-25 18:08:46.894 +08:00 [INF] Executed action MedicalSystem.Controllers.AdminController.CheckAuth (backend) in 1.1805ms
2026-05-25 18:08:46.896 +08:00 [INF] Executed endpoint 'MedicalSystem.Controllers.AdminController.CheckAuth (backend)'
2026-05-25 18:08:46.897 +08:00 [INF] Request finished HTTP/1.1 GET http://localhost:5062/api/admin/check-auth - 200 null application/json; charset=utf-8 14.035ms
2026-05-25 18:09:24.943 +08:00 [INF] Request starting HTTP/1.1 GET http://localhost:5062/api/admin/check-auth - null null
2026-05-25 18:09:25.066 +08:00 [INF] CORS policy execution successful.
2026-05-25 18:09:25.109 +08:00 [INF] Executed DbCommand (1ms) [Parameters=[@__p_0='?' (DbType = Int32)], CommandType='"Text"', CommandTimeout='30']
SELECT `u`.`id`, `u`.`AccessFailedCount`, `u`.`ConcurrencyStamp`, `u`.`email`, `u`.`EmailConfirmed`, `u`.`LockoutEnabled`, `u`.`LockoutEnd`, `u`.`NormalizedEmail`, `u`.`NormalizedUserName`, `u`.`password`, `u`.`phone_number`, `u`.`PhoneNumberConfirmed`, `u`.`SecurityStamp`, `u`.`TwoFactorEnabled`, `u`.`UserName`, `u`.`created_at`, `u`.`full_name`, `u`.`gender_id`, `u`.`genderid`, `u`.`role`, `u`.`status`, `u`.`updated_at`
FROM `Users` AS `u`
WHERE `u`.`id` = @__p_0
LIMIT 1
2026-05-25 18:09:25.126 +08:00 [INF] Executing endpoint 'MedicalSystem.Controllers.AdminController.CheckAuth (backend)'
2026-05-25 18:09:25.127 +08:00 [INF] Route matched with {action = "CheckAuth", controller = "Admin"}. Executing controller action with signature System.Threading.Tasks.Task`1[Microsoft.AspNetCore.Mvc.IActionResult] CheckAuth() on controller MedicalSystem.Controllers.AdminController (backend).
2026-05-25 18:09:25.129 +08:00 [INF] Executing OkObjectResult, writing value of type 'MedicalSystem.Models.ApiResponse`1[[System.Object, System.Private.CoreLib, Version=9.0.0.0, Culture=neutral, PublicKeyToken=7cec85d7bea7798e]]'.
2026-05-25 18:09:25.132 +08:00 [INF] Executed action MedicalSystem.Controllers.AdminController.CheckAuth (backend) in 2.881ms
2026-05-25 18:09:25.140 +08:00 [INF] Executed endpoint 'MedicalSystem.Controllers.AdminController.CheckAuth (backend)'
2026-05-25 18:09:25.142 +08:00 [INF] Request finished HTTP/1.1 GET http://localhost:5062/api/admin/check-auth - 200 null application/json; charset=utf-8 198.7983ms
2026-05-25 18:09:32.142 +08:00 [INF] Request starting HTTP/1.1 OPTIONS http://localhost:5062/api/auth/login - null null
2026-05-25 18:09:32.146 +08:00 [INF] CORS policy execution successful.
2026-05-25 18:09:32.147 +08:00 [INF] Request finished HTTP/1.1 OPTIONS http://localhost:5062/api/auth/login - 204 null null 4.6157ms
2026-05-25 18:09:32.150 +08:00 [INF] Request starting HTTP/1.1 POST http://localhost:5062/api/auth/login - application/json 49
2026-05-25 18:09:32.159 +08:00 [INF] CORS policy execution successful.
2026-05-25 18:09:32.174 +08:00 [INF] Executed DbCommand (2ms) [Parameters=[@__p_0='?' (DbType = Int32)], CommandType='"Text"', CommandTimeout='30']
SELECT `u`.`id`, `u`.`AccessFailedCount`, `u`.`ConcurrencyStamp`, `u`.`email`, `u`.`EmailConfirmed`, `u`.`LockoutEnabled`, `u`.`LockoutEnd`, `u`.`NormalizedEmail`, `u`.`NormalizedUserName`, `u`.`password`, `u`.`phone_number`, `u`.`PhoneNumberConfirmed`, `u`.`SecurityStamp`, `u`.`TwoFactorEnabled`, `u`.`UserName`, `u`.`created_at`, `u`.`full_name`, `u`.`gender_id`, `u`.`genderid`, `u`.`role`, `u`.`status`, `u`.`updated_at`
FROM `Users` AS `u`
WHERE `u`.`id` = @__p_0
LIMIT 1
2026-05-25 18:09:32.186 +08:00 [INF] Executing endpoint 'MedicalSystem.Controllers.AuthController.Login (backend)'
2026-05-25 18:09:32.191 +08:00 [INF] Route matched with {action = "Login", controller = "Auth"}. Executing controller action with signature System.Threading.Tasks.Task`1[Microsoft.AspNetCore.Mvc.IActionResult] Login(MedicalSystem.Controllers.LoginDto) on controller MedicalSystem.Controllers.AuthController (backend).
2026-05-25 18:09:32.201 +08:00 [INF] Executed DbCommand (0ms) [Parameters=[@__normalizedEmail_0='?' (Size = 256)], CommandType='"Text"', CommandTimeout='30']
SELECT `u`.`id`, `u`.`AccessFailedCount`, `u`.`ConcurrencyStamp`, `u`.`email`, `u`.`EmailConfirmed`, `u`.`LockoutEnabled`, `u`.`LockoutEnd`, `u`.`NormalizedEmail`, `u`.`NormalizedUserName`, `u`.`password`, `u`.`phone_number`, `u`.`PhoneNumberConfirmed`, `u`.`SecurityStamp`, `u`.`TwoFactorEnabled`, `u`.`UserName`, `u`.`created_at`, `u`.`full_name`, `u`.`gender_id`, `u`.`genderid`, `u`.`role`, `u`.`status`, `u`.`updated_at`
FROM `Users` AS `u`
WHERE `u`.`NormalizedEmail` = @__normalizedEmail_0
LIMIT 2
2026-05-25 18:09:32.350 +08:00 [INF] Executed DbCommand (1ms) [Parameters=[@p0='?' (Size = 4000), @p1='?' (DbType = DateTime), @p2='?' (Size = 4000), @p3='?' (Size = 4000), @p4='?' (Size = 4000), @p5='?' (DbType = Int32)], CommandType='"Text"', CommandTimeout='30']
INSERT INTO `ActivityLogs` (`action`, `created_at`, `description`, `full_name`, `role`, `user_id`)
VALUES (@p0, @p1, @p2, @p3, @p4, @p5);
SELECT `id`
FROM `ActivityLogs`
WHERE ROW_COUNT() = 1 AND `id` = LAST_INSERT_ID();
2026-05-25 18:09:32.352 +08:00 [INF] Executing OkObjectResult, writing value of type 'MedicalSystem.Models.ApiResponse`1[[System.Object, System.Private.CoreLib, Version=9.0.0.0, Culture=neutral, PublicKeyToken=7cec85d7bea7798e]]'.
2026-05-25 18:09:32.358 +08:00 [INF] Executed action MedicalSystem.Controllers.AuthController.Login (backend) in 163.4132ms
2026-05-25 18:09:32.358 +08:00 [INF] Executed endpoint 'MedicalSystem.Controllers.AuthController.Login (backend)'
2026-05-25 18:09:32.359 +08:00 [INF] Request finished HTTP/1.1 POST http://localhost:5062/api/auth/login - 200 null application/json; charset=utf-8 209.0833ms
2026-05-25 18:09:35.394 +08:00 [INF] Request starting HTTP/1.1 GET http://localhost:5062/api/admin/check-auth - null null
2026-05-25 18:09:35.395 +08:00 [INF] Request starting HTTP/1.1 GET http://localhost:5062/api/auth/check-auth - null null
2026-05-25 18:09:35.399 +08:00 [INF] CORS policy execution successful.
2026-05-25 18:09:35.401 +08:00 [INF] CORS policy execution successful.
2026-05-25 18:09:35.409 +08:00 [INF] Executed DbCommand (0ms) [Parameters=[@__p_0='?' (DbType = Int32)], CommandType='"Text"', CommandTimeout='30']
SELECT `u`.`id`, `u`.`AccessFailedCount`, `u`.`ConcurrencyStamp`, `u`.`email`, `u`.`EmailConfirmed`, `u`.`LockoutEnabled`, `u`.`LockoutEnd`, `u`.`NormalizedEmail`, `u`.`NormalizedUserName`, `u`.`password`, `u`.`phone_number`, `u`.`PhoneNumberConfirmed`, `u`.`SecurityStamp`, `u`.`TwoFactorEnabled`, `u`.`UserName`, `u`.`created_at`, `u`.`full_name`, `u`.`gender_id`, `u`.`genderid`, `u`.`role`, `u`.`status`, `u`.`updated_at`
FROM `Users` AS `u`
WHERE `u`.`id` = @__p_0
LIMIT 1
2026-05-25 18:09:35.411 +08:00 [INF] Executing endpoint 'MedicalSystem.Controllers.AdminController.CheckAuth (backend)'
2026-05-25 18:09:35.412 +08:00 [INF] Route matched with {action = "CheckAuth", controller = "Admin"}. Executing controller action with signature System.Threading.Tasks.Task`1[Microsoft.AspNetCore.Mvc.IActionResult] CheckAuth() on controller MedicalSystem.Controllers.AdminController (backend).
2026-05-25 18:09:35.414 +08:00 [INF] Executed DbCommand (0ms) [Parameters=[@__p_0='?' (DbType = Int32)], CommandType='"Text"', CommandTimeout='30']
SELECT `u`.`id`, `u`.`AccessFailedCount`, `u`.`ConcurrencyStamp`, `u`.`email`, `u`.`EmailConfirmed`, `u`.`LockoutEnabled`, `u`.`LockoutEnd`, `u`.`NormalizedEmail`, `u`.`NormalizedUserName`, `u`.`password`, `u`.`phone_number`, `u`.`PhoneNumberConfirmed`, `u`.`SecurityStamp`, `u`.`TwoFactorEnabled`, `u`.`UserName`, `u`.`created_at`, `u`.`full_name`, `u`.`gender_id`, `u`.`genderid`, `u`.`role`, `u`.`status`, `u`.`updated_at`
FROM `Users` AS `u`
WHERE `u`.`id` = @__p_0
LIMIT 1
2026-05-25 18:09:35.414 +08:00 [INF] Executing OkObjectResult, writing value of type 'MedicalSystem.Models.ApiResponse`1[[System.Object, System.Private.CoreLib, Version=9.0.0.0, Culture=neutral, PublicKeyToken=7cec85d7bea7798e]]'.
2026-05-25 18:09:35.417 +08:00 [INF] Executing endpoint 'MedicalSystem.Controllers.AuthController.CheckAuth (backend)'
2026-05-25 18:09:35.419 +08:00 [INF] Executed action MedicalSystem.Controllers.AdminController.CheckAuth (backend) in 4.8955ms
2026-05-25 18:09:35.424 +08:00 [INF] Executed endpoint 'MedicalSystem.Controllers.AdminController.CheckAuth (backend)'
2026-05-25 18:09:35.425 +08:00 [INF] Request finished HTTP/1.1 GET http://localhost:5062/api/admin/check-auth - 200 null application/json; charset=utf-8 31.0731ms
2026-05-25 18:09:35.427 +08:00 [INF] Route matched with {action = "CheckAuth", controller = "Auth"}. Executing controller action with signature System.Threading.Tasks.Task`1[Microsoft.AspNetCore.Mvc.IActionResult] CheckAuth() on controller MedicalSystem.Controllers.AuthController (backend).
2026-05-25 18:09:35.431 +08:00 [INF] Executing OkObjectResult, writing value of type 'MedicalSystem.Models.ApiResponse`1[[System.Object, System.Private.CoreLib, Version=9.0.0.0, Culture=neutral, PublicKeyToken=7cec85d7bea7798e]]'.
2026-05-25 18:09:35.434 +08:00 [INF] Executed action MedicalSystem.Controllers.AuthController.CheckAuth (backend) in 4.3192ms
2026-05-25 18:09:35.436 +08:00 [INF] Executed endpoint 'MedicalSystem.Controllers.AuthController.CheckAuth (backend)'
2026-05-25 18:09:35.437 +08:00 [INF] Request finished HTTP/1.1 GET http://localhost:5062/api/auth/check-auth - 200 null application/json; charset=utf-8 42.1679ms
2026-05-25 18:09:39.013 +08:00 [INF] Request starting HTTP/1.1 POST http://localhost:5062/api/auth/logout - null 0
2026-05-25 18:09:39.023 +08:00 [INF] CORS policy execution successful.
2026-05-25 18:09:39.032 +08:00 [INF] Executed DbCommand (2ms) [Parameters=[@__p_0='?' (DbType = Int32)], CommandType='"Text"', CommandTimeout='30']
SELECT `u`.`id`, `u`.`AccessFailedCount`, `u`.`ConcurrencyStamp`, `u`.`email`, `u`.`EmailConfirmed`, `u`.`LockoutEnabled`, `u`.`LockoutEnd`, `u`.`NormalizedEmail`, `u`.`NormalizedUserName`, `u`.`password`, `u`.`phone_number`, `u`.`PhoneNumberConfirmed`, `u`.`SecurityStamp`, `u`.`TwoFactorEnabled`, `u`.`UserName`, `u`.`created_at`, `u`.`full_name`, `u`.`gender_id`, `u`.`genderid`, `u`.`role`, `u`.`status`, `u`.`updated_at`
FROM `Users` AS `u`
WHERE `u`.`id` = @__p_0
LIMIT 1
2026-05-25 18:09:39.034 +08:00 [INF] Executing endpoint 'MedicalSystem.Controllers.AuthController.Logout (backend)'
2026-05-25 18:09:39.038 +08:00 [INF] Route matched with {action = "Logout", controller = "Auth"}. Executing controller action with signature Microsoft.AspNetCore.Mvc.IActionResult Logout() on controller MedicalSystem.Controllers.AuthController (backend).
2026-05-25 18:09:39.040 +08:00 [INF] Executing OkObjectResult, writing value of type 'MedicalSystem.Models.ApiResponse`1[[System.String, System.Private.CoreLib, Version=9.0.0.0, Culture=neutral, PublicKeyToken=7cec85d7bea7798e]]'.
2026-05-25 18:09:39.041 +08:00 [INF] Executed action MedicalSystem.Controllers.AuthController.Logout (backend) in 0.9659ms
2026-05-25 18:09:39.042 +08:00 [INF] Executed endpoint 'MedicalSystem.Controllers.AuthController.Logout (backend)'
2026-05-25 18:09:39.042 +08:00 [INF] Request finished HTTP/1.1 POST http://localhost:5062/api/auth/logout - 200 null application/json; charset=utf-8 29.0483ms
2026-05-25 18:09:39.678 +08:00 [INF] Request starting HTTP/1.1 GET http://localhost:5062/api/admin/check-auth - null null
2026-05-25 18:09:39.683 +08:00 [INF] CORS policy execution successful.
2026-05-25 18:09:39.684 +08:00 [INF] Authorization failed. These requirements were not met:
DenyAnonymousAuthorizationRequirement: Requires an authenticated user.
2026-05-25 18:09:39.685 +08:00 [INF] AuthenticationScheme: Bearer was challenged.
2026-05-25 18:09:39.689 +08:00 [INF] Request finished HTTP/1.1 GET http://localhost:5062/api/admin/check-auth - 401 0 null 11.3239ms
2026-05-25 18:09:44.029 +08:00 [INF] Request starting HTTP/1.1 GET http://localhost:5062/api/admin/check-auth - null null
2026-05-25 18:09:44.034 +08:00 [INF] CORS policy execution successful.
2026-05-25 18:09:44.035 +08:00 [INF] Authorization failed. These requirements were not met:
DenyAnonymousAuthorizationRequirement: Requires an authenticated user.
2026-05-25 18:09:44.038 +08:00 [INF] AuthenticationScheme: Bearer was challenged.
2026-05-25 18:09:44.046 +08:00 [INF] Request finished HTTP/1.1 GET http://localhost:5062/api/admin/check-auth - 401 0 null 17.0761ms
2026-05-25 18:09:47.268 +08:00 [INF] Request starting HTTP/1.1 OPTIONS http://localhost:5062/api/auth/login - null null
2026-05-25 18:09:47.271 +08:00 [INF] CORS policy execution successful.
2026-05-25 18:09:47.273 +08:00 [INF] Request finished HTTP/1.1 OPTIONS http://localhost:5062/api/auth/login - 204 null null 4.2777ms
2026-05-25 18:09:47.279 +08:00 [INF] Request starting HTTP/1.1 POST http://localhost:5062/api/auth/login - application/json 49
2026-05-25 18:09:47.282 +08:00 [INF] CORS policy execution successful.
2026-05-25 18:09:47.285 +08:00 [INF] Executing endpoint 'MedicalSystem.Controllers.AuthController.Login (backend)'
2026-05-25 18:09:47.287 +08:00 [INF] Route matched with {action = "Login", controller = "Auth"}. Executing controller action with signature System.Threading.Tasks.Task`1[Microsoft.AspNetCore.Mvc.IActionResult] Login(MedicalSystem.Controllers.LoginDto) on controller MedicalSystem.Controllers.AuthController (backend).
2026-05-25 18:09:47.292 +08:00 [INF] Executed DbCommand (0ms) [Parameters=[@__normalizedEmail_0='?' (Size = 256)], CommandType='"Text"', CommandTimeout='30']
SELECT `u`.`id`, `u`.`AccessFailedCount`, `u`.`ConcurrencyStamp`, `u`.`email`, `u`.`EmailConfirmed`, `u`.`LockoutEnabled`, `u`.`LockoutEnd`, `u`.`NormalizedEmail`, `u`.`NormalizedUserName`, `u`.`password`, `u`.`phone_number`, `u`.`PhoneNumberConfirmed`, `u`.`SecurityStamp`, `u`.`TwoFactorEnabled`, `u`.`UserName`, `u`.`created_at`, `u`.`full_name`, `u`.`gender_id`, `u`.`genderid`, `u`.`role`, `u`.`status`, `u`.`updated_at`
FROM `Users` AS `u`
WHERE `u`.`NormalizedEmail` = @__normalizedEmail_0
LIMIT 2
2026-05-25 18:09:47.365 +08:00 [INF] Executed DbCommand (1ms) [Parameters=[@p0='?' (Size = 4000), @p1='?' (DbType = DateTime), @p2='?' (Size = 4000), @p3='?' (Size = 4000), @p4='?' (Size = 4000), @p5='?' (DbType = Int32)], CommandType='"Text"', CommandTimeout='30']
INSERT INTO `ActivityLogs` (`action`, `created_at`, `description`, `full_name`, `role`, `user_id`)
VALUES (@p0, @p1, @p2, @p3, @p4, @p5);
SELECT `id`
FROM `ActivityLogs`
WHERE ROW_COUNT() = 1 AND `id` = LAST_INSERT_ID();
2026-05-25 18:09:47.369 +08:00 [INF] Executing OkObjectResult, writing value of type 'MedicalSystem.Models.ApiResponse`1[[System.Object, System.Private.CoreLib, Version=9.0.0.0, Culture=neutral, PublicKeyToken=7cec85d7bea7798e]]'.
2026-05-25 18:09:47.370 +08:00 [INF] Executed action MedicalSystem.Controllers.AuthController.Login (backend) in 80.9251ms
2026-05-25 18:09:47.371 +08:00 [INF] Executed endpoint 'MedicalSystem.Controllers.AuthController.Login (backend)'
2026-05-25 18:09:47.372 +08:00 [INF] Request finished HTTP/1.1 POST http://localhost:5062/api/auth/login - 200 null application/json; charset=utf-8 93.0904ms
2026-05-25 18:09:50.166 +08:00 [INF] Request starting HTTP/1.1 GET http://localhost:5062/api/admin/check-auth - null null
2026-05-25 18:09:50.167 +08:00 [INF] Request starting HTTP/1.1 GET http://localhost:5062/api/auth/check-auth - null null
2026-05-25 18:09:50.171 +08:00 [INF] CORS policy execution successful.
2026-05-25 18:09:50.172 +08:00 [INF] CORS policy execution successful.
2026-05-25 18:09:50.193 +08:00 [INF] Executed DbCommand (0ms) [Parameters=[@__p_0='?' (DbType = Int32)], CommandType='"Text"', CommandTimeout='30']
SELECT `u`.`id`, `u`.`AccessFailedCount`, `u`.`ConcurrencyStamp`, `u`.`email`, `u`.`EmailConfirmed`, `u`.`LockoutEnabled`, `u`.`LockoutEnd`, `u`.`NormalizedEmail`, `u`.`NormalizedUserName`, `u`.`password`, `u`.`phone_number`, `u`.`PhoneNumberConfirmed`, `u`.`SecurityStamp`, `u`.`TwoFactorEnabled`, `u`.`UserName`, `u`.`created_at`, `u`.`full_name`, `u`.`gender_id`, `u`.`genderid`, `u`.`role`, `u`.`status`, `u`.`updated_at`
FROM `Users` AS `u`
WHERE `u`.`id` = @__p_0
LIMIT 1
2026-05-25 18:09:50.202 +08:00 [INF] Executed DbCommand (1ms) [Parameters=[@__p_0='?' (DbType = Int32)], CommandType='"Text"', CommandTimeout='30']
SELECT `u`.`id`, `u`.`AccessFailedCount`, `u`.`ConcurrencyStamp`, `u`.`email`, `u`.`EmailConfirmed`, `u`.`LockoutEnabled`, `u`.`LockoutEnd`, `u`.`NormalizedEmail`, `u`.`NormalizedUserName`, `u`.`password`, `u`.`phone_number`, `u`.`PhoneNumberConfirmed`, `u`.`SecurityStamp`, `u`.`TwoFactorEnabled`, `u`.`UserName`, `u`.`created_at`, `u`.`full_name`, `u`.`gender_id`, `u`.`genderid`, `u`.`role`, `u`.`status`, `u`.`updated_at`
FROM `Users` AS `u`
WHERE `u`.`id` = @__p_0
LIMIT 1
2026-05-25 18:09:50.212 +08:00 [INF] Executing endpoint 'MedicalSystem.Controllers.AdminController.CheckAuth (backend)'
2026-05-25 18:09:50.213 +08:00 [INF] Executing endpoint 'MedicalSystem.Controllers.AuthController.CheckAuth (backend)'
2026-05-25 18:09:50.214 +08:00 [INF] Route matched with {action = "CheckAuth", controller = "Admin"}. Executing controller action with signature System.Threading.Tasks.Task`1[Microsoft.AspNetCore.Mvc.IActionResult] CheckAuth() on controller MedicalSystem.Controllers.AdminController (backend).
2026-05-25 18:09:50.215 +08:00 [INF] Route matched with {action = "CheckAuth", controller = "Auth"}. Executing controller action with signature System.Threading.Tasks.Task`1[Microsoft.AspNetCore.Mvc.IActionResult] CheckAuth() on controller MedicalSystem.Controllers.AuthController (backend).
2026-05-25 18:09:50.226 +08:00 [INF] Executing OkObjectResult, writing value of type 'MedicalSystem.Models.ApiResponse`1[[System.Object, System.Private.CoreLib, Version=9.0.0.0, Culture=neutral, PublicKeyToken=7cec85d7bea7798e]]'.
2026-05-25 18:09:50.227 +08:00 [INF] Executing OkObjectResult, writing value of type 'MedicalSystem.Models.ApiResponse`1[[System.Object, System.Private.CoreLib, Version=9.0.0.0, Culture=neutral, PublicKeyToken=7cec85d7bea7798e]]'.
2026-05-25 18:09:50.230 +08:00 [INF] Executed action MedicalSystem.Controllers.AuthController.CheckAuth (backend) in 2.894ms
2026-05-25 18:09:50.231 +08:00 [INF] Executed endpoint 'MedicalSystem.Controllers.AuthController.CheckAuth (backend)'
2026-05-25 18:09:50.231 +08:00 [INF] Request finished HTTP/1.1 GET http://localhost:5062/api/auth/check-auth - 200 null application/json; charset=utf-8 64.2966ms
2026-05-25 18:09:50.229 +08:00 [INF] Executed action MedicalSystem.Controllers.AdminController.CheckAuth (backend) in 3.3453ms
2026-05-25 18:09:50.243 +08:00 [INF] Executed endpoint 'MedicalSystem.Controllers.AdminController.CheckAuth (backend)'
2026-05-25 18:09:50.244 +08:00 [INF] Request finished HTTP/1.1 GET http://localhost:5062/api/admin/check-auth - 200 null application/json; charset=utf-8 77.7707ms
2026-05-25 18:13:23.054 +08:00 [INF] Application is shutting down...
